// Jest Snapshot v1, https://goo.gl/fbAQLP

exports[`<Home /> Create Next App 1`] = `
<div>
  <div>
    Home
  </div>
</div>
`;
